// Vitest Snapshot v1, https://vitest.dev/guide/snapshot.html

exports[`duanyu: 全库 snapshot > getAllDuanyu 与快照一致（改动须显式更新） 1`] = `
[
  {
    "id": "pat-zhengguan",
    "matchKey": "正官格",
    "matchSub": null,
    "source": "子平真诠",
    "text": "正官为克身之吉神，主名位礼法；格成喜财印相随以生扶，最忌伤官克伐与刑冲破害。",
    "topic": "pattern",
  },
  {
    "id": "pat-qisha",
    "matchKey": "七杀格",
    "matchSub": null,
    "source": "子平真诠",
    "text": "七杀（偏官）为攻身之凶神；善驭之者，上用食神制伏，次用印绶化杀，制化得宜则主权贵。",
    "topic": "pattern",
  },
  {
    "id": "pat-qisha-shayin",
    "matchKey": "七杀格",
    "matchSub": "杀印相生",
    "source": "子平真诠",
    "text": "杀印相生：七杀得印绶化杀生身，凶神驯而为用，主权贵显达。",
    "topic": "pattern",
  },
  {
    "id": "pat-qisha-shizhi",
    "matchKey": "七杀格",
    "matchSub": "食神制杀",
    "source": "子平真诠",
    "text": "食神制杀：食神伏制七杀，英雄独压万人；忌财印交战以夺食。",
    "topic": "pattern",
  },
  {
    "id": "pat-zhengcai",
    "matchKey": "正财格",
    "matchSub": null,
    "source": "子平真诠",
    "text": "正财为我克之吉神，主勤务实得；喜食伤生财、身旺任财，忌比劫争财。",
    "topic": "pattern",
  },
  {
    "id": "pat-piancai",
    "matchKey": "偏财格",
    "matchSub": null,
    "source": "子平真诠",
    "text": "偏财为众人流动之财，主慷慨好施；喜食伤生助、身旺能任，忌比劫分夺。",
    "topic": "pattern",
  },
  {
    "id": "pat-zhengyin",
    "matchKey": "正印格",
    "matchSub": null,
    "source": "子平真诠",
    "text": "正印为生我之吉神，主学业荫庇；喜官杀生印，忌财星破印。",
    "topic": "pattern",
  },
  {
    "id": "pat-pianyin",
    "matchKey": "偏印格",
    "matchSub": null,
    "source": "子平真诠",
    "text": "偏印（枭神）为忌则夺食；格成喜财星制印，忌再见食神以成枭夺。",
    "topic": "pattern",
  },
  {
    "id": "pat-shishen",
    "matchKey": "食神格",
    "matchSub": null,
    "source": "子平真诠",
    "text": "食神为我生之秀气，主福寿；喜生财、制杀，忌枭印夺食。",
    "topic": "pattern",
  },
  {
    "id": "pat-shangguan",
    "matchKey": "伤官格",
    "matchSub": null,
    "source": "子平真诠",
    "text": "伤官为我生之偏气，主才艺聪明而傲物；喜佩印制伤或生财泄秀，忌与官星交战。",
    "topic": "pattern",
  },
  {
    "id": "pat-shangguan-peiyin",
    "matchKey": "伤官格",
    "matchSub": "伤官佩印",
    "source": "子平真诠",
    "text": "伤官佩印：伤官得印制伏，泄秀而不逞狂，主文才贵显。",
    "topic": "pattern",
  },
  {
    "id": "ss-bijian",
    "matchKey": "比肩",
    "matchSub": null,
    "source": "渊海子平",
    "text": "比肩为同我之神，主兄弟朋友助身；身弱赖其帮扶，身旺逢之则争财。",
    "topic": "shishen",
  },
  {
    "id": "ss-jiecai",
    "matchKey": "劫财",
    "matchSub": null,
    "source": "渊海子平",
    "text": "劫财为同我异性之神，身弱可借以助身任财，身旺逢之则破财争财。",
    "topic": "shishen",
  },
  {
    "id": "ss-shishen",
    "matchKey": "食神",
    "matchSub": null,
    "source": "渊海子平",
    "text": "食神为我生之秀气，主福寿饮食，能生财、制杀。",
    "topic": "shishen",
  },
  {
    "id": "ss-shangguan",
    "matchKey": "伤官",
    "matchSub": null,
    "source": "渊海子平",
    "text": "伤官为我生之偏气，主才艺聪明、傲物不羁，见官为祸。",
    "topic": "shishen",
  },
  {
    "id": "ss-piancai",
    "matchKey": "偏财",
    "matchSub": null,
    "source": "渊海子平",
    "text": "偏财为我克之偏，主流动之财、慷慨好交，透干怕劫。",
    "topic": "shishen",
  },
  {
    "id": "ss-zhengcai",
    "matchKey": "正财",
    "matchSub": null,
    "source": "渊海子平",
    "text": "正财为我克之正，主勤俭务实，喜身旺以任财。",
    "topic": "shishen",
  },
  {
    "id": "ss-qisha",
    "matchKey": "七杀",
    "matchSub": null,
    "source": "渊海子平",
    "text": "七杀为克我之偏，凶神无制则祸百端，有制化则主权贵。",
    "topic": "shishen",
  },
  {
    "id": "ss-zhengguan",
    "matchKey": "正官",
    "matchSub": null,
    "source": "渊海子平",
    "text": "正官为克我之正，吉神主名位，只宜生扶，不可伤克。",
    "topic": "shishen",
  },
  {
    "id": "ss-pianyin",
    "matchKey": "偏印",
    "matchSub": null,
    "source": "渊海子平",
    "text": "偏印为生我之偏，又名枭神，主偏艺孤清，见食神则夺食。",
    "topic": "shishen",
  },
  {
    "id": "ss-zhengyin",
    "matchKey": "正印",
    "matchSub": null,
    "source": "渊海子平",
    "text": "正印为生我之正，主文章学业、荫庇护身，为吉神。",
    "topic": "shishen",
  },
  {
    "id": "th-spring",
    "matchKey": "春",
    "matchSub": null,
    "source": "穷通宝鉴",
    "text": "寅卯辰月木旺方生，余寒未退，喜火暄和、水滋养。",
    "topic": "tiaohou",
  },
  {
    "id": "th-summer",
    "matchKey": "夏",
    "matchSub": null,
    "source": "穷通宝鉴",
    "text": "巳午未月炎燥土焦、水涸金镕，调候急在润泽，喜壬癸水济火。",
    "topic": "tiaohou",
  },
  {
    "id": "th-autumn",
    "matchKey": "秋",
    "matchSub": null,
    "source": "穷通宝鉴",
    "text": "申酉戌月金凉气肃，喜水泄秀、火锻炼以成器。",
    "topic": "tiaohou",
  },
  {
    "id": "th-winter",
    "matchKey": "冬",
    "matchSub": null,
    "source": "穷通宝鉴",
    "text": "亥子丑月寒凝冰冻、万物收藏，调候急在解冻，喜丙火暖局。",
    "topic": "tiaohou",
  },
  {
    "id": "st-weak",
    "matchKey": "身弱",
    "matchSub": null,
    "source": "三命通会",
    "text": "身弱难任财官，喜比劫帮身、印绶生扶。",
    "topic": "strength",
  },
  {
    "id": "st-strong",
    "matchKey": "身强",
    "matchSub": null,
    "source": "三命通会",
    "text": "身强能任财官，喜食伤泄秀、财星官杀克泄为用。",
    "topic": "strength",
  },
  {
    "id": "st-balanced",
    "matchKey": "中和",
    "matchSub": null,
    "source": "三命通会",
    "text": "八字中和为贵，五行贵在流通，不必强为抑扶。",
    "topic": "strength",
  },
]
`;
